###############################################################################################
###############################################################################################
###############################################################################################
24/07/2023


danbo@DESKTOP-FSPR6RG MINGW64 ~/OneDrive - Fundacao Getulio Vargas - FGV/Info_Vote/R Code
$ git init
Initialized empty Git repository in C:/Users/danbo/OneDrive - Fundacao Getulio V
argas - FGV/Info_Vote/R Code/.git/

danbo@DESKTOP-FSPR6RG MINGW64 ~/OneDrive - Fundacao Getulio Vargas - FGV/Info_Vote/R Code (master)
$ git addd README.md
git: 'addd' is not a git command. See 'git --help'.

The most similar command is
        add

danbo@DESKTOP-FSPR6RG MINGW64 ~/OneDrive - Fundacao Getulio Vargas - FGV/Info_Vote/R Code (master)
$ git add README.md
fatal: pathspec 'README.md' did not match any files

danbo@DESKTOP-FSPR6RG MINGW64 ~/OneDrive - Fundacao Getulio Vargas - FGV/Info_Vote/R Code (master)
$ git status
On branch master

No commits yet

Untracked files:
  (use "git add <file>..." to include in what will be committed)
        DashBoard_V3.Rmd
        EndBias_V6_RLH.R.R

nothing added to commit but untracked files present (use "git add" to track)

danbo@DESKTOP-FSPR6RG MINGW64 ~/OneDrive - Fundacao Getulio Vargas - FGV/Info_Vote/R Code (master)
$ git add .

danbo@DESKTOP-FSPR6RG MINGW64 ~/OneDrive - Fundacao Getulio Vargas - FGV/Info_Vote/R Code (master)
$ git status
On branch master

No commits yet

Changes to be committed:
  (use "git rm --cached <file>..." to unstage)
        new file:   DashBoard_V3.Rmd
        new file:   EndBias_V6_RLH.R.R


danbo@DESKTOP-FSPR6RG MINGW64 ~/OneDrive - Fundacao Getulio Vargas - FGV/Info_Vote/R Code (master)
$ git commit -m "first commit"
Author identity unknown

*** Please tell me who you are.

Run

  git config --global user.email "you@example.com"
  git config --global user.name "Your Name"

to set your account's default identity.
Omit --global to set the identity only in this repository.

fatal: unable to auto-detect email address (got 'danbo@DESKTOP-FSPR6RG.(none)')

danbo@DESKTOP-FSPR6RG MINGW64 ~/OneDrive - Fundacao Getulio Vargas - FGV/Info_Vote/R Code (master)
$ ^C

danbo@DESKTOP-FSPR6RG MINGW64 ~/OneDrive - Fundacao Getulio Vargas - FGV/Info_Vote/R Code (master)
$ gitgit config --global user.email "you@example.com"you@example.com"
.git/               DashBoard_V3.Rmd    EndBias_V6_RLH.R.R

danbo@DESKTOP-FSPR6RG MINGW64 ~/OneDrive - Fundacao Getulio Vargas - FGV/Info_Vote/R Code (master)
$ git config --global user.email "you@example.com"you@example.com"
.git/               DashBoard_V3.Rmd    EndBias_V6_RLH.R.R

danbo@DESKTOP-FSPR6RG MINGW64 ~/OneDrive - Fundacao Getulio Vargas - FGV/Info_Vote/R Code (master)
  ggit config --global user.email "danbonfil@gmail.com"
bash: $'\302\203git': command not found

danbo@DESKTOP-FSPR6RG MINGW64 ~/OneDrive - Fundacao Getulio Vargas - FGV/Info_Vote/R Code (master)
$ git config --global user.email "danbonfil@gmail.com"
bash: $'\302\203git': command not found

danbo@DESKTOP-FSPR6RG MINGW64 ~/OneDrive - Fundacao Getulio Vargas - FGV/Info_Vote/R Code (master)
$ git config --global user.email "danbonfil@gmail.com"

danbo@DESKTOP-FSPR6RG MINGW64 ~/OneDrive - Fundacao Getulio Vargas - FGV/Info_Vote/R Code (master)
$ git config --list
diff.astextplain.textconv=astextplain
filter.lfs.clean=git-lfs clean -- %f
filter.lfs.smudge=git-lfs smudge -- %f
filter.lfs.process=git-lfs filter-process
filter.lfs.required=true
http.sslbackend=openssl
http.sslcainfo=C:/Program Files/Git/mingw64/etc/ssl/certs/ca-bundle.crt
core.autocrlf=true
core.fscache=true
core.symlinks=false
pull.rebase=false
credential.helper=manager
credential.https://dev.azure.com.usehttppath=true
init.defaultbranch=master
user.email=danbonfil@gmail.com
core.repositoryformatversion=0
core.filemode=false
core.bare=false
core.logallrefupdates=true
core.symlinks=false
core.ignorecase=true

danbo@DESKTOP-FSPR6RG MINGW64 ~/OneDrive - Fundacao Getulio Vargas - FGV/Info_Vote/R Code (master)
$ git config --global user.name "Daniel Bonfil"

danbo@DESKTOP-FSPR6RG MINGW64 ~/OneDrive - Fundacao Getulio Vargas - FGV/Info_Vote/R Code (master)
$ git config --list
diff.astextplain.textconv=astextplain
filter.lfs.clean=git-lfs clean -- %f
filter.lfs.smudge=git-lfs smudge -- %f
filter.lfs.process=git-lfs filter-process
filter.lfs.required=true
http.sslbackend=openssl
http.sslcainfo=C:/Program Files/Git/mingw64/etc/ssl/certs/ca-bundle.crt
core.autocrlf=true
core.fscache=true
core.symlinks=false
pull.rebase=false
credential.helper=manager
credential.https://dev.azure.com.usehttppath=true
init.defaultbranch=master
user.email=danbonfil@gmail.com
user.name=Daniel Bonfil
core.repositoryformatversion=0
core.filemode=false
core.bare=false
core.logallrefupdates=true
core.symlinks=false
core.ignorecase=true

danbo@DESKTOP-FSPR6RG MINGW64 ~/OneDrive - Fundacao Getulio Vargas - FGV/Info_Vote/R Code (master)
$ git status
On branch master

No commits yet

Changes to be committed:
  (use "git rm --cached <file>..." to unstage)
        new file:   DashBoard_V3.Rmd
        new file:   EndBias_V6_RLH.R.R


danbo@DESKTOP-FSPR6RG MINGW64 ~/OneDrive - Fundacao Getulio Vargas - FGV/Info_Vote/R Code (master)
$ git commit -m "first commit"
[master (root-commit) ea2db9b] first commit
 2 files changed, 633 insertions(+)
 create mode 100644 DashBoard_V3.Rmd
 create mode 100644 EndBias_V6_RLH.R.R

danbo@DESKTOP-FSPR6RG MINGW64 ~/OneDrive - Fundacao Getulio Vargas - FGV/Info_Vote/R Code (master)
$ git branch -M main

danbo@DESKTOP-FSPR6RG MINGW64 ~/OneDrive - Fundacao Getulio Vargas - FGV/Info_Vote/R Code (main)
$ git remote add origin https://github.com/infovote-io/dashboard.git

danbo@DESKTOP-FSPR6RG MINGW64 ~/OneDrive - Fundacao Getulio Vargas - FGV/Info_Vote/R Code (main)
$ git remote -v
origin  https://github.com/infovote-io/dashboard.git (fetch)
origin  https://github.com/infovote-io/dashboard.git (push)

danbo@DESKTOP-FSPR6RG MINGW64 ~/OneDrive - Fundacao Getulio Vargas - FGV/Info_Vote/R Code (main)
$ git push -u origin main
info: please complete authentication in your browser...
Enumerating objects: 4, done.
Counting objects: 100% (4/4), done.
Delta compression using up to 4 threads
Compressing objects: 100% (4/4), done.
Writing objects: 100% (4/4), 4.88 KiB | 2.44 MiB/s, done.
Total 4 (delta 0), reused 0 (delta 0), pack-reused 0
To https://github.com/infovote-io/dashboard.git
 * [new branch]      main -> main
branch 'main' set up to track 'origin/main'.

danbo@DESKTOP-FSPR6RG MINGW64 ~/OneDrive - Fundacao Getulio Vargas - FGV/Info_Vote/R Code (main)
$ git status
On branch main
Your branch is up to date with 'origin/main'.

Untracked files:
  (use "git add <file>..." to include in what will be committed)
        README

nothing added to commit but untracked files present (use "git add" to track)

danbo@DESKTOP-FSPR6RG MINGW64 ~/OneDrive - Fundacao Getulio Vargas - FGV/Info_Vote/R Code (main)
$ git add README.md

danbo@DESKTOP-FSPR6RG MINGW64 ~/OneDrive - Fundacao Getulio Vargas - FGV/Info_Vote/R Code (main)
$ git status
On branch main
Your branch is up to date with 'origin/main'.

Changes to be committed:
  (use "git restore --staged <file>..." to unstage)
        new file:   README.md


danbo@DESKTOP-FSPR6RG MINGW64 ~/OneDrive - Fundacao Getulio Vargas - FGV/Info_Vote/R Code (main)
$ git commit -m
error: switch `m' requires a value

danbo@DESKTOP-FSPR6RG MINGW64 ~/OneDrive - Fundacao Getulio Vargas - FGV/Info_Vote/R Code (main)
$ git commit -m "Add README.md file"
[main caa9879] Add README.md file
 1 file changed, 0 insertions(+), 0 deletions(-)
 create mode 100644 README.md

danbo@DESKTOP-FSPR6RG MINGW64 ~/OneDrive - Fundacao Getulio Vargas - FGV/Info_Vote/R Code (main)
$ git log
commit caa98791bc214772a3650226ab1665514e2c6665 (HEAD -> main)
Author: Daniel Bonfil <danbonfil@gmail.com>
Date:   Mon Jul 24 18:00:46 2023 -0300

    Add README.md file

commit ea2db9b78335eac38897024a6d9c2eb4648802ff (origin/main)
Author: Daniel Bonfil <danbonfil@gmail.com>
Date:   Mon Jul 24 17:43:37 2023 -0300

    first commit

danbo@DESKTOP-FSPR6RG MINGW64 ~/OneDrive - Fundacao Getulio Vargas - FGV/Info_Vote/R Code (main)
$ git checkout 9879
error: pathspec '9879' did not match any file(s) known to git

danbo@DESKTOP-FSPR6RG MINGW64 ~/OneDrive - Fundacao Getulio Vargas - FGV/Info_Vote/R Code (main)
$ git checkout ea2db9b78335eac38897024a6d9c2eb4648802ff
bash: $'\302\203git': command not found

danbo@DESKTOP-FSPR6RG MINGW64 ~/OneDrive - Fundacao Getulio Vargas - FGV/Info_Vote/R Code (main)
$


###############################################################################################
###############################################################################################
###############################################################################################
26/07/2023